###############################################################################
#                                                                             #
# IAR ELF Linker V5.30.0.51174/W32 for ARM              21/Dec/2009  10:01:53 #
# Copyright 2007-2009 IAR Systems AB.                                         #
#                                                                             #
#    Output file  =  E:\»úÆ÷ÈË¶Ó\ARM\EasyARM1138\Ô´³ÌÐò\¿¨¶ûÂüÂË²¨2\Debug\Exe #
#                    \Demo.out                                                #
#    Map file     =  E:\»úÆ÷ÈË¶Ó\ARM\EasyARM1138\Ô´³ÌÐò\¿¨¶ûÂüÂË²¨2\Debug\Lis #
#                    t\Demo.map                                               #
#    Command line =  "C:\Program Files\IAR Systems\arm\lib\Luminary\driverlib #
#                    .a" E:\»úÆ÷ÈË¶Ó\ARM\EasyARM1138\Ô´³ÌÐò\¿¨¶ûÂüÂË²¨2\Debug #
#                    \Obj\kalman.o E:\»úÆ÷ÈË¶Ó\ARM\EasyARM1138\Ô´³ÌÐò\¿¨¶ûÂüÂ #
#                    Ë²¨2\Debug\Obj\main.o E:\»úÆ÷ÈË¶Ó\ARM\EasyARM1138\Ô´³ÌÐò #
#                    \¿¨¶ûÂüÂË²¨2\Debug\Obj\matrix.o                          #
#                    E:\»úÆ÷ÈË¶Ó\ARM\EasyARM1138\Ô´³ÌÐò\¿¨¶ûÂüÂË²¨2\Debug\Obj #
#                    \startup_ewarm.o E:\»úÆ÷ÈË¶Ó\ARM\EasyARM1138\Ô´³ÌÐò\¿¨¶û #
#                    ÂüÂË²¨2\Debug\Obj\systemInit.o -o                        #
#                    E:\»úÆ÷ÈË¶Ó\ARM\EasyARM1138\Ô´³ÌÐò\¿¨¶ûÂüÂË²¨2\Debug\Exe #
#                    \Demo.out --map E:\»úÆ÷ÈË¶Ó\ARM\EasyARM1138\Ô´³ÌÐò\¿¨¶ûÂ #
#                    üÂË²¨2\Debug\List\Demo.map --config "C:\Program          #
#                    Files\IAR Systems\arm\config\Luminary\LM3S.icf"          #
#                    --semihosting --entry __iar_program_start                #
#                                                                             #
#                                                                             #
###############################################################################

*******************************************************************************
*** RUNTIME MODEL ATTRIBUTES
***

__endian      = little
__thumb_aware = enabled


*******************************************************************************
*** PLACEMENT SUMMARY
***

"A1":  place at start of [mem:0x0-mem:0x3ffff] { ro section .intvec };
"P1":  place in [from mem:0x0 to mem:0x3ffff] { ro };
"P2":  place in [from mem:0x20000000 to mem:0x2000ffff] { rw, block HEAP };

  Section            Kind        Address    Size  Object
  -------            ----        -------    ----  ------
"A1":                                      0x100
  .intvec            const    0x00000000   0x100  startup_ewarm.o [1]
                            - 0x00000100   0x100

"P1":                                     0x2967
  .text              ro code  0x00000100   0x616  matrix.o [1]
  .text              ro code  0x00000718   0x324  sysctl.o [4]
  .text              ro code  0x00000a3c   0x318  xlog.o [3]
  .text              ro code  0x00000d54   0x30c  kalman.o [1]
  .text              ro code  0x00001060   0x2d0  xsin.o [3]
  .text              ro code  0x00001330   0x2bc  DblDiv.o [5]
  .text              ro code  0x000015ec   0x1bc  gpio.o [4]
  .text              ro code  0x000017a8   0x1a2  DblMul.o [5]
  .text              ro code  0x0000194c   0x17e  DblSub.o [5]
  .text              ro code  0x00001acc   0x17e  fmod.o [3]
  .text              ro code  0x00001c4c   0x174  sqrt.o [3]
  .text              ro code  0x00001dc0   0x110  xdscale.o [3]
  .text              ro code  0x00001ed0    0xf8  main.o [1]
  .text              ro code  0x00001fc8    0xe6  DblAdd.o [5]
  .text              ro code  0x000020b0    0xe4  FltSub.o [5]
  .text              ro code  0x00002194    0xda  FltMul.o [5]
  .text              ro code  0x0000226e    0xb4  xdnorm.o [3]
  .text              ro code  0x00002324    0x94  DblToFlt.o [5]
  .text              ro code  0x000023b8    0x8e  packbits_init2.o [5]
  .text              ro code  0x00002448    0x8c  FltAdd.o [5]
  .text              ro code  0x000024d4    0x80  rand.o [3]
  .text              ro code  0x00002554    0x78  uart.o [4]
  .text              ro code  0x000025cc    0x6e  fmod.o [3]
  .rodata            const    0x0000263c    0x5c  sysctl.o [4]
  .text              ro code  0x00002698    0x56  DblToI32.o [5]
  .text              ro code  0x000026f0    0x52  FltToDbl.o [5]
  .text              ro code  0x00002744    0x50  systemInit.o [1]
  .text              ro code  0x00002794    0x38  ABImemset48.o [5]
  .text              ro code  0x000027cc    0x34  srand.o [3]
  .text              ro code  0x00002800    0x2e  I32ToDbl.o [5]
  .text              ro code  0x00002830    0x2e  DblCmpLe.o [5]
  .text              ro code  0x00002860    0x2e  DblCmpGe.o [5]
  .text              ro code  0x00002890    0x24  FltCmpLe.o [5]
  .iar.init_table    const    0x000028b4    0x2c  - Linker created -
  .text              ro code  0x000028e0    0x20  DblCmpEq.o [5]
  .text              ro code  0x00002900    0x1c  data_init2.o [5]
  .text              ro code  0x0000291c    0x1a  zero_init2.o [5]
  .text              ro code  0x00002938    0x18  cmain.o [5]
  .text              ro code  0x00002950    0x18  iarwstd.o [6]
  .text              ro code  0x00002968    0x14  I32DivMod.o [5]
  .text              ro code  0x0000297c    0x14  errno.o [3]
  .text              ro code  0x00002990    0x14  exit.o [6]
  .text              ro code  0x000029a4    0x12  kalman.o [1]
  .text              ro code  0x000029b6    0x12  kalman.o [1]
  .text              ro code  0x000029c8    0x12  kalman.o [1]
  .rodata            const    0x000029dc     0xc  sysctl.o [4]
  .text              ro code  0x000029e8     0xa  cexit.o [5]
  .text              ro code  0x000029f4     0x6  ABImemclr4.o [5]
  .text              ro code  0x000029fa     0x6  startup_ewarm.o [1]
  .text              ro code  0x00002a00     0x6  exit.o [3]
  .text              ro code  0x00002a08     0x2  IntDivZer.o [5]
  .text              ro code  0x00002a0a     0x4  low_level_init.o [3]
  Initializer bytes  ro data  0x00002a0e    0x59  <for P2 s0>
                            - 0x00002a67  0x2967

"P2", part 1 of 3:                         0x400
  .noinit            uninit   0x20000000   0x400  startup_ewarm.o [1]
                            - 0x20000400   0x400

"P2", part 2 of 3:                        0x17bc
  .bss               zero     0x20000400   0x7d0  main.o [1]
  .bss               zero     0x20000bd0   0x7d0  main.o [1]
  .bss               zero     0x200013a0   0x7d0  main.o [1]
  .bss               zero     0x20001b70    0x20  kalman.o [1]
  .bss               zero     0x20001b90    0x10  kalman.o [1]
  .bss               zero     0x20001ba0     0x8  kalman.o [1]
  .bss               zero     0x20001ba8     0x8  errno.o [3]
  .bss               zero     0x20001bb0     0x4  kalman.o [1]
  .bss               zero     0x20001bb4     0x4  kalman.o [1]
  .bss               zero     0x20001bb8     0x4  iarwstd.o [6]
                            - 0x20001bbc  0x17bc

"P2", part 3 of 3:                         0x10c
  P2 s0                       0x20001bbc   0x10c  <Init block>
    .data            inited   0x20001bbc    0x94  rand.o [3]
    .data            inited   0x20001c50    0x10  kalman.o [1]
    .data            inited   0x20001c60    0x10  kalman.o [1]
    .data            inited   0x20001c70    0x10  kalman.o [1]
    .data            inited   0x20001c80    0x10  kalman.o [1]
    .data            inited   0x20001c90    0x10  kalman.o [1]
    .data            inited   0x20001ca0     0x8  kalman.o [1]
    .data            inited   0x20001ca8     0x8  kalman.o [1]
    .data            inited   0x20001cb0     0x8  kalman.o [1]
    .data            inited   0x20001cb8     0x8  kalman.o [1]
    .data            inited   0x20001cc0     0x4  kalman.o [1]
    .data            inited   0x20001cc4     0x4  systemInit.o [1]
                            - 0x20001cc8   0x10c


*******************************************************************************
*** INIT TABLE
***

          Address     Size
          -------     ----
Zero (__iar_zero_init2)
    1 destination range, total size 0x17bc:
          0x20000400  0x17bc

Copy/packbits (__iar_packbits_init2)
    1 source range, total size 0x59 (33% of destination):
              0x2a0e    0x59
    1 destination range, total size 0x10c:
          0x20001bbc   0x10c


*******************************************************************************
*** MODULE SUMMARY
***

    Module            ro code  ro data  rw data
    ------            -------  -------  -------
E:\»úÆ÷ÈË¶Ó\ARM\EasyARM1138\Ô´³ÌÐò\¿¨¶ûÂüÂË²¨2\Debug\Obj: [1]
    kalman.o              834       38      180
    main.o                248             6 000
    matrix.o            1 558
    startup_ewarm.o         6      256    1 024
    systemInit.o           80        2        4
    -------------------------------------------
    Total:              2 726      296    7 208

command line: [2]
    -------------------------------------------
    Total:

dl7M_tl_in.a: [3]
    errno.o                20                 8
    exit.o                  6
    fmod.o                492
    low_level_init.o        4
    rand.o                128       49      148
    sqrt.o                372
    srand.o                52
    xdnorm.o              180
    xdscale.o             272
    xlog.o                792
    xsin.o                720
    -------------------------------------------
    Total:              3 038       49      156

driverlib.a: [4]
    gpio.o                444
    sysctl.o              804      104
    uart.o                120
    -------------------------------------------
    Total:              1 368      104

rt7M_tl.a: [5]
    ABImemclr4.o            6
    ABImemset48.o          56
    DblAdd.o              230
    DblCmpEq.o             32
    DblCmpGe.o             46
    DblCmpLe.o             46
    DblDiv.o              700
    DblMul.o              418
    DblSub.o              382
    DblToFlt.o            148
    DblToI32.o             86
    FltAdd.o              140
    FltCmpLe.o             36
    FltMul.o              218
    FltSub.o              228
    FltToDbl.o             82
    I32DivMod.o            20
    I32ToDbl.o             46
    IntDivZer.o             2
    cexit.o                10
    cmain.o                24
    data_init2.o           28
    packbits_init2.o      142
    zero_init2.o           26
    -------------------------------------------
    Total:              3 152

shb_l.a: [6]
    exit.o                 20
    iarwstd.o              24                 4
    -------------------------------------------
    Total:                 44                 4

    Gaps                   30        4
    Linker created                  44
-----------------------------------------------
    Grand Total:       10 358      497    7 368


*******************************************************************************
*** ENTRY LIST
***

Entry                      Address   Size  Type      Object
-----                      -------   ----  ----      ------
A                       0x20001c70   0x10  Data  Gb  kalman.o [1]
C                       0x20001ca8    0x8  Data  Gb  kalman.o [1]
FaultISR                0x000029fd    0x2  Code  Lc  startup_ewarm.o [1]
Float2Char              0x00001f0d   0x2a  Code  Gb  main.o [1]
FloatSend               0x00001f37   0x4e  Code  Gb  main.o [1]
GPIODirModeSet          0x000015ed   0x4c  Code  Gb  gpio.o [4]
GPIOPadConfigSet        0x00001639  0x11e  Code  Gb  gpio.o [4]
GPIOPinRead             0x00001759    0x8  Code  Gb  gpio.o [4]
GPIOPinTypeGPIOInput    0x00001761   0x24  Code  Gb  gpio.o [4]
GPIOPinTypeUART         0x00001785   0x24  Code  Gb  gpio.o [4]
Gauss_Jordan            0x0000028d  0x3bc  Code  Gb  matrix.o [1]
I                       0x20001c50   0x10  Data  Gb  kalman.o [1]
IntDefaultHandler       0x000029ff    0x2  Code  Lc  startup_ewarm.o [1]
K                       0x20001ba0    0x8  Data  Gb  kalman.o [1]
KalMan                  0x00000d55  0x268  Code  Gb  kalman.o [1]
MatrixAdd               0x00000101   0x4a  Code  Gb  matrix.o [1]
MatrixCal1              0x00000649   0x64  Code  Gb  matrix.o [1]
MatrixCal2              0x000006ad   0x6a  Code  Gb  matrix.o [1]
MatrixMinus             0x0000014b   0x4a  Code  Gb  matrix.o [1]
MatrixMul               0x00000195   0xb6  Code  Gb  matrix.o [1]
MatrixTrans             0x0000024b   0x42  Code  Gb  matrix.o [1]
NmiSR                   0x000029fb    0x2  Code  Lc  startup_ewarm.o [1]
P                       0x20001c60   0x10  Data  Gb  kalman.o [1]
Q                       0x20001c80   0x10  Data  Gb  kalman.o [1]
R                       0x20001cc0    0x4  Data  Gb  kalman.o [1]
Random1                 0x00000fbd   0x92  Code  Gb  kalman.o [1]
Region$$Table$$Base     0x000028b4          --   Gb  - Linker created -
Region$$Table$$Limit    0x000028e0          --   Gb  - Linker created -
SysCtlClockGet          0x000008f1  0x14c  Code  Gb  sysctl.o [4]
SysCtlClockSet          0x00000781  0x170  Code  Gb  sysctl.o [4]
SysCtlDelay             0x00000779    0x8  Code  Gb  sysctl.o [4]
SysCtlLDOSet            0x0000076d    0x6  Code  Gb  sysctl.o [4]
SysCtlPeripheralDisable
                        0x00000741   0x26  Code  Gb  sysctl.o [4]
SysCtlPeripheralEnable  0x00000719   0x26  Code  Gb  sysctl.o [4]
Temp1                   0x20001bb4    0x4  Data  Gb  kalman.o [1]
Temp2                   0x20001cb0    0x8  Data  Gb  kalman.o [1]
Temp22                  0x20001cb8    0x8  Data  Gb  kalman.o [1]
Temp4                   0x20001c90   0x10  Data  Gb  kalman.o [1]
TheSysClock             0x20001cc4    0x4  Data  Gb  systemInit.o [1]
UARTCharPut             0x000025c1    0xc  Code  Gb  uart.o [4]
UARTConfigSetExpClk     0x00002555   0x38  Code  Gb  uart.o [4]
UARTDisable             0x000025a5   0x1c  Code  Gb  uart.o [4]
UARTEnable              0x0000258d   0x18  Code  Gb  uart.o [4]
UARTInit                0x00001ed1   0x3c  Code  Gb  main.o [1]
Watch1                  0x20000400  0x7d0  Data  Gb  main.o [1]
Watch2                  0x20000bd0  0x7d0  Data  Gb  main.o [1]
Watch3                  0x200013a0  0x7d0  Data  Gb  main.o [1]
X                       0x20001ca0    0x8  Data  Gb  kalman.o [1]
Y                       0x20001bb0    0x4  Data  Gb  kalman.o [1]
_Rand_idx               0x20001c4c    0x4  Data  Lc  rand.o [3]
_Rand_rv                0x20001bbc   0x80  Data  Lc  rand.o [3]
_Randinit               0x20001c3c    0x1  Data  Gb  rand.o [3]
_Randseed               0x20001c44    0x4  Data  Gb  rand.o [3]
__aeabi_cdcmpeq         0x000028e1         Code  Gb  DblCmpEq.o [5]
__aeabi_cdcmple         0x00002831         Code  Gb  DblCmpLe.o [5]
__aeabi_cdrcmple        0x00002861         Code  Gb  DblCmpGe.o [5]
__aeabi_cfcmple         0x00002891         Code  Gb  FltCmpLe.o [5]
__aeabi_d2f             0x00002325         Code  Gb  DblToFlt.o [5]
__aeabi_d2iz            0x00002699         Code  Gb  DblToI32.o [5]
__aeabi_d2uiz           0x000026c5         Code  Gb  DblToI32.o [5]
__aeabi_dadd            0x00001fc9         Code  Gb  DblAdd.o [5]
__aeabi_ddiv            0x00001331         Code  Gb  DblDiv.o [5]
__aeabi_dmul            0x000017a9         Code  Gb  DblMul.o [5]
__aeabi_dsub            0x0000194d         Code  Gb  DblSub.o [5]
__aeabi_errno_addr      0x0000297d   0x14  Code  Gb  errno.o [3]
__aeabi_f2d             0x000026f1         Code  Gb  FltToDbl.o [5]
__aeabi_fadd            0x00002449         Code  Gb  FltAdd.o [5]
__aeabi_fmul            0x00002195         Code  Gb  FltMul.o [5]
__aeabi_fsub            0x000020b1         Code  Gb  FltSub.o [5]
__aeabi_i2d             0x00002801         Code  Gb  I32ToDbl.o [5]
__aeabi_idiv0           0x00002a09         Code  Gb  IntDivZer.o [5]
__aeabi_memclr4         0x000029f5         Code  Gb  ABImemclr4.o [5]
__aeabi_memset4         0x00002795         Code  Gb  ABImemset48.o [5]
__aeabi_memset8         0x00002795         Code  Gb  ABImemset48.o [5]
__aeabi_ui2d            0x00002815         Code  Gb  I32ToDbl.o [5]
__aeabi_uidiv           0x00002969         Code  Gb  I32DivMod.o [5]
__aeabi_uidivmod        0x00002969         Code  Gb  I32DivMod.o [5]
__exit                  0x00002991   0x14  Code  Gb  exit.o [6]
__iar_Dnorm             0x0000226f   0xb4  Code  Gb  xdnorm.o [3]
__iar_Dscale            0x00001dc1  0x110  Code  Gb  xdscale.o [3]
__iar_Dunscale          0x000025cd   0x6e  Code  Wk  fmod.o [3]
__iar_Errno             0x20001bac    0x4  Data  Gb  errno.o [3]
__iar_Log               0x00000a3d  0x284  Code  Gb  xlog.o [3]
__iar_Memset4_word      0x0000279d         Code  Gb  ABImemset48.o [5]
__iar_Memset8_word      0x0000279d         Code  Gb  ABImemset48.o [5]
__iar_Sin               0x00001061  0x2d0  Code  Gb  xsin.o [3]
__iar_Tls_setup__Randinit
                        0x20001c40    0x4  Data  Gb  rand.o [3]
__iar_Tls_setup__Randseed
                        0x20001c48    0x4  Data  Gb  rand.o [3]
__iar_Tls_setup___iar_Errno
                        0x20001ba8    0x4  Data  Gb  errno.o [3]
__iar_d2uiz             0x000026cf         Code  Gb  DblToI32.o [5]
__iar_dadd              0x00001fdb         Code  Gb  DblAdd.o [5]
__iar_data_init2        0x00002901   0x1c  Code  Gb  data_init2.o [5]
__iar_dsub              0x0000195f         Code  Gb  DblSub.o [5]
__iar_dsubStart         0x00001971         Code  Gb  DblSub.o [5]
__iar_fadd              0x00002457         Code  Gb  FltAdd.o [5]
__iar_fsub              0x000020bf         Code  Gb  FltSub.o [5]
__iar_fsubStart         0x000020cd         Code  Gb  FltSub.o [5]
__iar_packbits_init2    0x000023b9   0x8e  Code  Gb  packbits_init2.o [5]
__iar_program_start     0x00002939         Code  Gb  cmain.o [5]
__iar_sh_stdout_close   0x00002951   0x14  Code  Gb  iarwstd.o [6]
__iar_sh_stdout_handle  0x20001bb8    0x4  Data  Lc  iarwstd.o [6]
__iar_ui2d              0x00002817         Code  Gb  I32ToDbl.o [5]
__iar_zero_init2        0x0000291d   0x1a  Code  Gb  zero_init2.o [5]
__low_level_init        0x00002a0b    0x4  Code  Gb  low_level_init.o [3]
__vector_table          0x00000000  0x100  Data  Gb  startup_ewarm.o [1]
_exit                   0x000029e9         Code  Gb  cexit.o [5]
_main                   0x0000294b         Code  Gb  cmain.o [5]
clockInit               0x00002775   0x20  Code  Gb  systemInit.o [1]
cos                     0x000029a5   0x12  Code  Wk  kalman.o [1]
exit                    0x00002a01    0x6  Code  Gb  exit.o [3]
fmod                    0x00001acd  0x178  Code  Gb  fmod.o [3]
g_pulRCGCRegs           0x000029dc    0xc  Data  Lc  sysctl.o [4]
g_pulXtals              0x0000263c   0x5c  Data  Lc  sysctl.o [4]
jtagWait                0x00002745   0x30  Code  Gb  systemInit.o [1]
log                     0x000029b7   0x12  Code  Wk  kalman.o [1]
main                    0x00001f89   0x40  Code  Gb  main.o [1]
pulStack                0x20000000  0x400  Data  Lc  startup_ewarm.o [1]
rand                    0x000024d5   0x80  Code  Gb  rand.o [3]
sin                     0x000029c9   0x12  Code  Wk  kalman.o [1]
sqrt                    0x00001c4d  0x174  Code  Gb  sqrt.o [3]
srand                   0x000027cd   0x34  Code  Gb  srand.o [3]
tCov                    0x20001b70   0x20  Data  Gb  kalman.o [1]
tOpt                    0x20001b90   0x10  Data  Gb  kalman.o [1]


[1] = E:\»úÆ÷ÈË¶Ó\ARM\EasyARM1138\Ô´³ÌÐò\¿¨¶ûÂüÂË²¨2\Debug\Obj
[2] = command line
[3] = dl7M_tl_in.a
[4] = driverlib.a
[5] = rt7M_tl.a
[6] = shb_l.a

  10 358 bytes of readonly  code memory
     497 bytes of readonly  data memory
   7 368 bytes of readwrite data memory

Errors: none
Warnings: none
