###############################################################################
#                                                                             #
# IAR ELF Linker V5.30.0.51174/W32 for ARM              21/Dec/2009  14:10:38 #
# Copyright 2007-2009 IAR Systems AB.                                         #
#                                                                             #
#    Output file  =  E:\机器人队\ARM\EasyARM1138\源程序\卡尔曼滤波_多传感器融 #
#                    合模拟\Debug\Exe\Demo.out                                #
#    Map file     =  E:\机器人队\ARM\EasyARM1138\源程序\卡尔曼滤波_多传感器融 #
#                    合模拟\Debug\List\Demo.map                               #
#    Command line =  "C:\Program Files\IAR Systems\arm\lib\Luminary\driverlib #
#                    .a" E:\机器人队\ARM\EasyARM1138\源程序\卡尔曼滤波_多传感 #
#                    器融合模拟\Debug\Obj\kalman.o                            #
#                    E:\机器人队\ARM\EasyARM1138\源程序\卡尔曼滤波_多传感器融 #
#                    合模拟\Debug\Obj\main.o E:\机器人队\ARM\EasyARM1138\源程 #
#                    序\卡尔曼滤波_多传感器融合模拟\Debug\Obj\matrix.o        #
#                    E:\机器人队\ARM\EasyARM1138\源程序\卡尔曼滤波_多传感器融 #
#                    合模拟\Debug\Obj\startup_ewarm.o                         #
#                    E:\机器人队\ARM\EasyARM1138\源程序\卡尔曼滤波_多传感器融 #
#                    合模拟\Debug\Obj\systemInit.o -o                         #
#                    E:\机器人队\ARM\EasyARM1138\源程序\卡尔曼滤波_多传感器融 #
#                    合模拟\Debug\Exe\Demo.out --map                          #
#                    E:\机器人队\ARM\EasyARM1138\源程序\卡尔曼滤波_多传感器融 #
#                    合模拟\Debug\List\Demo.map --config "C:\Program          #
#                    Files\IAR Systems\arm\config\Luminary\LM3S.icf"          #
#                    --semihosting --entry __iar_program_start                #
#                                                                             #
#                                                                             #
###############################################################################

*******************************************************************************
*** RUNTIME MODEL ATTRIBUTES
***

__endian      = little
__thumb_aware = enabled


*******************************************************************************
*** PLACEMENT SUMMARY
***

"A1":  place at start of [mem:0x0-mem:0x3ffff] { ro section .intvec };
"P1":  place in [from mem:0x0 to mem:0x3ffff] { ro };
"P2":  place in [from mem:0x20000000 to mem:0x2000ffff] { rw, block HEAP };

  Section            Kind        Address    Size  Object
  -------            ----        -------    ----  ------
"A1":                                      0x100
  .intvec            const    0x00000000   0x100  startup_ewarm.o [1]
                            - 0x00000100   0x100

"P1":                                     0x29fa
  .text              ro code  0x00000100   0x5a2  matrix.o [1]
  .text              ro code  0x000006a4   0x398  kalman.o [1]
  .text              ro code  0x00000a3c   0x318  sysctl.o [4]
  .text              ro code  0x00000d54   0x318  xlog.o [3]
  .text              ro code  0x0000106c   0x2d0  xsin.o [3]
  .text              ro code  0x0000133c   0x2bc  DblDiv.o [5]
  .text              ro code  0x000015f8   0x1bc  gpio.o [4]
  .text              ro code  0x000017b4   0x1a2  DblMul.o [5]
  .text              ro code  0x00001958   0x17e  DblSub.o [5]
  .text              ro code  0x00001ad8   0x17e  fmod.o [3]
  .text              ro code  0x00001c58   0x174  sqrt.o [3]
  .text              ro code  0x00001dcc   0x154  main.o [1]
  .text              ro code  0x00001f20   0x110  xdscale.o [3]
  .text              ro code  0x00002030    0xe6  DblAdd.o [5]
  .text              ro code  0x00002118    0xe4  FltSub.o [5]
  .text              ro code  0x000021fc    0xda  FltMul.o [5]
  .text              ro code  0x000022d6    0xb4  xdnorm.o [3]
  .text              ro code  0x0000238c    0x94  DblToFlt.o [5]
  .text              ro code  0x00002420    0x8e  packbits_init2.o [5]
  .text              ro code  0x000024b0    0x8c  FltAdd.o [5]
  .text              ro code  0x0000253c    0x80  rand.o [3]
  .text              ro code  0x000025bc    0x78  uart.o [4]
  .text              ro code  0x00002634    0x6e  fmod.o [3]
  .rodata            const    0x000026a4    0x5c  sysctl.o [4]
  .text              ro code  0x00002700    0x56  DblToI32.o [5]
  .text              ro code  0x00002758    0x52  FltToDbl.o [5]
  .text              ro code  0x000027ac    0x4c  systemInit.o [1]
  .text              ro code  0x000027f8    0x38  ABImemset48.o [5]
  .text              ro code  0x00002830    0x34  srand.o [3]
  .text              ro code  0x00002864    0x30  timer.o [4]
  .text              ro code  0x00002894    0x2e  I32ToDbl.o [5]
  .text              ro code  0x000028c4    0x2e  DblCmpLe.o [5]
  .text              ro code  0x000028f4    0x2e  DblCmpGe.o [5]
  .text              ro code  0x00002924    0x24  FltCmpLe.o [5]
  .iar.init_table    const    0x00002948    0x2c  - Linker created -
  .text              ro code  0x00002974    0x20  DblCmpEq.o [5]
  .text              ro code  0x00002994    0x1c  data_init2.o [5]
  .text              ro code  0x000029b0    0x1a  zero_init2.o [5]
  .text              ro code  0x000029cc    0x18  cmain.o [5]
  .text              ro code  0x000029e4    0x18  iarwstd.o [6]
  .text              ro code  0x000029fc    0x14  I32DivMod.o [5]
  .text              ro code  0x00002a10    0x14  errno.o [3]
  .text              ro code  0x00002a24    0x14  exit.o [6]
  .text              ro code  0x00002a38    0x12  kalman.o [1]
  .text              ro code  0x00002a4a    0x12  kalman.o [1]
  .text              ro code  0x00002a5c    0x12  kalman.o [1]
  .rodata            const    0x00002a70     0xc  sysctl.o [4]
  .text              ro code  0x00002a7c     0xa  cexit.o [5]
  .text              ro code  0x00002a88     0x6  ABImemclr4.o [5]
  .text              ro code  0x00002a8e     0x6  startup_ewarm.o [1]
  .text              ro code  0x00002a94     0x6  exit.o [3]
  .text              ro code  0x00002a9c     0x2  IntDivZer.o [5]
  .text              ro code  0x00002a9e     0x4  low_level_init.o [3]
  Initializer bytes  ro data  0x00002aa2    0x58  <for P2 s0>
                            - 0x00002afa  0x29fa

"P2", part 1 of 3:                         0x400
  .noinit            uninit   0x20000000   0x400  startup_ewarm.o [1]
                            - 0x20000400   0x400

"P2", part 2 of 3:                        0x130c
  .bss               zero     0x20000400   0x4b0  main.o [1]
  .bss               zero     0x200008b0   0x4b0  main.o [1]
  .bss               zero     0x20000d60   0x4b0  main.o [1]
  .bss               zero     0x20001210   0x4b0  main.o [1]
  .bss               zero     0x200016c0    0x20  kalman.o [1]
  .bss               zero     0x200016e0    0x10  kalman.o [1]
  .bss               zero     0x200016f0     0x8  kalman.o [1]
  .bss               zero     0x200016f8     0x8  errno.o [3]
  .bss               zero     0x20001700     0x4  kalman.o [1]
  .bss               zero     0x20001704     0x4  kalman.o [1]
  .bss               zero     0x20001708     0x4  iarwstd.o [6]
                            - 0x2000170c  0x130c

"P2", part 3 of 3:                         0x118
  P2 s0                       0x2000170c   0x118  <Init block>
    .data            inited   0x2000170c    0x94  rand.o [3]
    .data            inited   0x200017a0    0x10  kalman.o [1]
    .data            inited   0x200017b0    0x10  kalman.o [1]
    .data            inited   0x200017c0    0x10  kalman.o [1]
    .data            inited   0x200017d0    0x10  kalman.o [1]
    .data            inited   0x200017e0    0x10  kalman.o [1]
    .data            inited   0x200017f0     0x8  kalman.o [1]
    .data            inited   0x200017f8     0x8  kalman.o [1]
    .data            inited   0x20001800     0x8  kalman.o [1]
    .data            inited   0x20001808     0x8  kalman.o [1]
    .data            inited   0x20001810     0x8  kalman.o [1]
    .data            inited   0x20001818     0x4  kalman.o [1]
    .data            inited   0x2000181c     0x4  kalman.o [1]
    .data            inited   0x20001820     0x4  systemInit.o [1]
                            - 0x20001824   0x118


*******************************************************************************
*** INIT TABLE
***

          Address     Size
          -------     ----
Zero (__iar_zero_init2)
    1 destination range, total size 0x130c:
          0x20000400  0x130c

Copy/packbits (__iar_packbits_init2)
    1 source range, total size 0x58 (31% of destination):
              0x2aa2    0x58
    1 destination range, total size 0x118:
          0x2000170c   0x118


*******************************************************************************
*** MODULE SUMMARY
***

    Module            ro code  ro data  rw data
    ------            -------  -------  -------
E:\机器人队\ARM\EasyARM1138\源程序\卡尔曼滤波_多传感器融合模拟\Debug\Obj: [1]
    kalman.o              974       40      192
    main.o                340             4 800
    matrix.o            1 442
    startup_ewarm.o         6      256    1 024
    systemInit.o           76        2        4
    -------------------------------------------
    Total:              2 838      298    6 020

command line: [2]
    -------------------------------------------
    Total:

dl7M_tl_in.a: [3]
    errno.o                20                 8
    exit.o                  6
    fmod.o                492
    low_level_init.o        4
    rand.o                128       46      148
    sqrt.o                372
    srand.o                52
    xdnorm.o              180
    xdscale.o             272
    xlog.o                792
    xsin.o                720
    -------------------------------------------
    Total:              3 038       46      156

driverlib.a: [4]
    gpio.o                444
    sysctl.o              792      104
    timer.o                48
    uart.o                120
    -------------------------------------------
    Total:              1 404      104

rt7M_tl.a: [5]
    ABImemclr4.o            6
    ABImemset48.o          56
    DblAdd.o              230
    DblCmpEq.o             32
    DblCmpGe.o             46
    DblCmpLe.o             46
    DblDiv.o              700
    DblMul.o              418
    DblSub.o              382
    DblToFlt.o            148
    DblToI32.o             86
    FltAdd.o              140
    FltCmpLe.o             36
    FltMul.o              218
    FltSub.o              228
    FltToDbl.o             82
    I32DivMod.o            20
    I32ToDbl.o             46
    IntDivZer.o             2
    cexit.o                10
    cmain.o                24
    data_init2.o           28
    packbits_init2.o      142
    zero_init2.o           26
    -------------------------------------------
    Total:              3 152

shb_l.a: [6]
    exit.o                 20
    iarwstd.o              24                 4
    -------------------------------------------
    Total:                 44                 4

    Gaps                   30        4
    Linker created                  44
-----------------------------------------------
    Grand Total:       10 506      496    6 180


*******************************************************************************
*** ENTRY LIST
***

Entry                      Address   Size  Type      Object
-----                      -------   ----  ----      ------
A                       0x200017c0   0x10  Data  Gb  kalman.o [1]
B                       0x200017f8    0x8  Data  Gb  kalman.o [1]
FaultISR                0x00002a91    0x2  Code  Lc  startup_ewarm.o [1]
Float2Char              0x00001e09   0x2a  Code  Gb  main.o [1]
FloatSend               0x00001e33   0x4e  Code  Gb  main.o [1]
GPIODirModeSet          0x000015f9   0x4c  Code  Gb  gpio.o [4]
GPIOPadConfigSet        0x00001645  0x11e  Code  Gb  gpio.o [4]
GPIOPinRead             0x00001765    0x8  Code  Gb  gpio.o [4]
GPIOPinTypeGPIOInput    0x0000176d   0x24  Code  Gb  gpio.o [4]
GPIOPinTypeUART         0x00001791   0x24  Code  Gb  gpio.o [4]
Gauss_Jordan            0x0000028d  0x3ac  Code  Gb  matrix.o [1]
H                       0x20001800    0x8  Data  Gb  kalman.o [1]
I                       0x200017a0   0x10  Data  Gb  kalman.o [1]
IntDefaultHandler       0x00002a93    0x2  Code  Lc  startup_ewarm.o [1]
K                       0x200016f0    0x8  Data  Gb  kalman.o [1]
KalMan                  0x000006a5  0x2f4  Code  Gb  kalman.o [1]
MatrixAdd               0x00000101   0x4a  Code  Gb  matrix.o [1]
MatrixCal               0x00000639   0x6a  Code  Gb  matrix.o [1]
MatrixMinus             0x0000014b   0x4a  Code  Gb  matrix.o [1]
MatrixMul               0x00000195   0xb6  Code  Gb  matrix.o [1]
MatrixTrans             0x0000024b   0x42  Code  Gb  matrix.o [1]
NmiSR                   0x00002a8f    0x2  Code  Lc  startup_ewarm.o [1]
P                       0x200017b0   0x10  Data  Gb  kalman.o [1]
Q                       0x200017d0   0x10  Data  Gb  kalman.o [1]
R                       0x2000181c    0x4  Data  Gb  kalman.o [1]
Random1                 0x00000999   0x92  Code  Gb  kalman.o [1]
Region$$Table$$Base     0x00002948          --   Gb  - Linker created -
Region$$Table$$Limit    0x00002974          --   Gb  - Linker created -
SysCtlClockGet          0x00000c09  0x14c  Code  Gb  sysctl.o [4]
SysCtlClockSet          0x00000a99  0x170  Code  Gb  sysctl.o [4]
SysCtlDelay             0x00000a91    0x8  Code  Gb  sysctl.o [4]
SysCtlPeripheralDisable
                        0x00000a65   0x26  Code  Gb  sysctl.o [4]
SysCtlPeripheralEnable  0x00000a3d   0x26  Code  Gb  sysctl.o [4]
Temp1                   0x20001704    0x4  Data  Gb  kalman.o [1]
Temp2                   0x20001808    0x8  Data  Gb  kalman.o [1]
Temp3                   0x20001810    0x8  Data  Gb  kalman.o [1]
Temp4                   0x200017e0   0x10  Data  Gb  kalman.o [1]
TheSysClock             0x20001820    0x4  Data  Gb  systemInit.o [1]
TimerEnable             0x00002865    0xc  Code  Gb  timer.o [4]
TimerLoadSet            0x00002875   0x12  Code  Gb  timer.o [4]
TimerValueGet           0x00002889    0xc  Code  Gb  timer.o [4]
UARTCharPut             0x00002629    0xc  Code  Gb  uart.o [4]
UARTConfigSetExpClk     0x000025bd   0x38  Code  Gb  uart.o [4]
UARTDisable             0x0000260d   0x1c  Code  Gb  uart.o [4]
UARTEnable              0x000025f5   0x18  Code  Gb  uart.o [4]
UARTInit                0x00001dcd   0x3c  Code  Gb  main.o [1]
Watch1                  0x20000400  0x4b0  Data  Gb  main.o [1]
Watch2                  0x200008b0  0x4b0  Data  Gb  main.o [1]
Watch3                  0x20000d60  0x4b0  Data  Gb  main.o [1]
Watch4                  0x20001210  0x4b0  Data  Gb  main.o [1]
X                       0x200017f0    0x8  Data  Gb  kalman.o [1]
Z                       0x20001700    0x4  Data  Gb  kalman.o [1]
_Rand_idx               0x2000179c    0x4  Data  Lc  rand.o [3]
_Rand_rv                0x2000170c   0x80  Data  Lc  rand.o [3]
_Randinit               0x2000178c    0x1  Data  Gb  rand.o [3]
_Randseed               0x20001794    0x4  Data  Gb  rand.o [3]
__aeabi_cdcmpeq         0x00002975         Code  Gb  DblCmpEq.o [5]
__aeabi_cdcmple         0x000028c5         Code  Gb  DblCmpLe.o [5]
__aeabi_cdrcmple        0x000028f5         Code  Gb  DblCmpGe.o [5]
__aeabi_cfcmple         0x00002925         Code  Gb  FltCmpLe.o [5]
__aeabi_d2f             0x0000238d         Code  Gb  DblToFlt.o [5]
__aeabi_d2iz            0x00002701         Code  Gb  DblToI32.o [5]
__aeabi_d2uiz           0x0000272d         Code  Gb  DblToI32.o [5]
__aeabi_dadd            0x00002031         Code  Gb  DblAdd.o [5]
__aeabi_ddiv            0x0000133d         Code  Gb  DblDiv.o [5]
__aeabi_dmul            0x000017b5         Code  Gb  DblMul.o [5]
__aeabi_dsub            0x00001959         Code  Gb  DblSub.o [5]
__aeabi_errno_addr      0x00002a11   0x14  Code  Gb  errno.o [3]
__aeabi_f2d             0x00002759         Code  Gb  FltToDbl.o [5]
__aeabi_fadd            0x000024b1         Code  Gb  FltAdd.o [5]
__aeabi_fmul            0x000021fd         Code  Gb  FltMul.o [5]
__aeabi_fsub            0x00002119         Code  Gb  FltSub.o [5]
__aeabi_i2d             0x00002895         Code  Gb  I32ToDbl.o [5]
__aeabi_idiv0           0x00002a9d         Code  Gb  IntDivZer.o [5]
__aeabi_memclr4         0x00002a89         Code  Gb  ABImemclr4.o [5]
__aeabi_memset4         0x000027f9         Code  Gb  ABImemset48.o [5]
__aeabi_memset8         0x000027f9         Code  Gb  ABImemset48.o [5]
__aeabi_ui2d            0x000028a9         Code  Gb  I32ToDbl.o [5]
__aeabi_uidiv           0x000029fd         Code  Gb  I32DivMod.o [5]
__aeabi_uidivmod        0x000029fd         Code  Gb  I32DivMod.o [5]
__exit                  0x00002a25   0x14  Code  Gb  exit.o [6]
__iar_Dnorm             0x000022d7   0xb4  Code  Gb  xdnorm.o [3]
__iar_Dscale            0x00001f21  0x110  Code  Gb  xdscale.o [3]
__iar_Dunscale          0x00002635   0x6e  Code  Wk  fmod.o [3]
__iar_Errno             0x200016fc    0x4  Data  Gb  errno.o [3]
__iar_Log               0x00000d55  0x284  Code  Gb  xlog.o [3]
__iar_Memset4_word      0x00002801         Code  Gb  ABImemset48.o [5]
__iar_Memset8_word      0x00002801         Code  Gb  ABImemset48.o [5]
__iar_Sin               0x0000106d  0x2d0  Code  Gb  xsin.o [3]
__iar_Tls_setup__Randinit
                        0x20001790    0x4  Data  Gb  rand.o [3]
__iar_Tls_setup__Randseed
                        0x20001798    0x4  Data  Gb  rand.o [3]
__iar_Tls_setup___iar_Errno
                        0x200016f8    0x4  Data  Gb  errno.o [3]
__iar_d2uiz             0x00002737         Code  Gb  DblToI32.o [5]
__iar_dadd              0x00002043         Code  Gb  DblAdd.o [5]
__iar_data_init2        0x00002995   0x1c  Code  Gb  data_init2.o [5]
__iar_dsub              0x0000196b         Code  Gb  DblSub.o [5]
__iar_dsubStart         0x0000197d         Code  Gb  DblSub.o [5]
__iar_fadd              0x000024bf         Code  Gb  FltAdd.o [5]
__iar_fsub              0x00002127         Code  Gb  FltSub.o [5]
__iar_fsubStart         0x00002135         Code  Gb  FltSub.o [5]
__iar_packbits_init2    0x00002421   0x8e  Code  Gb  packbits_init2.o [5]
__iar_program_start     0x000029cd         Code  Gb  cmain.o [5]
__iar_sh_stdout_close   0x000029e5   0x14  Code  Gb  iarwstd.o [6]
__iar_sh_stdout_handle  0x20001708    0x4  Data  Lc  iarwstd.o [6]
__iar_ui2d              0x000028ab         Code  Gb  I32ToDbl.o [5]
__iar_zero_init2        0x000029b1   0x1a  Code  Gb  zero_init2.o [5]
__low_level_init        0x00002a9f    0x4  Code  Gb  low_level_init.o [3]
__vector_table          0x00000000  0x100  Data  Gb  startup_ewarm.o [1]
_exit                   0x00002a7d         Code  Gb  cexit.o [5]
_main                   0x000029df         Code  Gb  cmain.o [5]
clockInit               0x000027dd   0x1c  Code  Gb  systemInit.o [1]
cos                     0x00002a39   0x12  Code  Wk  kalman.o [1]
exit                    0x00002a95    0x6  Code  Gb  exit.o [3]
fmod                    0x00001ad9  0x178  Code  Gb  fmod.o [3]
g_pulRCGCRegs           0x00002a70    0xc  Data  Lc  sysctl.o [4]
g_pulXtals              0x000026a4   0x5c  Data  Lc  sysctl.o [4]
jtagWait                0x000027ad   0x30  Code  Gb  systemInit.o [1]
log                     0x00002a4b   0x12  Code  Wk  kalman.o [1]
main                    0x00001e85   0x9c  Code  Gb  main.o [1]
pulStack                0x20000000  0x400  Data  Lc  startup_ewarm.o [1]
rand                    0x0000253d   0x80  Code  Gb  rand.o [3]
sin                     0x00002a5d   0x12  Code  Wk  kalman.o [1]
sqrt                    0x00001c59  0x174  Code  Gb  sqrt.o [3]
srand                   0x00002831   0x34  Code  Gb  srand.o [3]
tCov                    0x200016c0   0x20  Data  Gb  kalman.o [1]
tOpt                    0x200016e0   0x10  Data  Gb  kalman.o [1]
u                       0x20001818    0x4  Data  Gb  kalman.o [1]


[1] = E:\机器人队\ARM\EasyARM1138\源程序\卡尔曼滤波_多传感器融合模拟\Debug\Obj
[2] = command line
[3] = dl7M_tl_in.a
[4] = driverlib.a
[5] = rt7M_tl.a
[6] = shb_l.a

  10 506 bytes of readonly  code memory
     496 bytes of readonly  data memory
   6 180 bytes of readwrite data memory

Errors: none
Warnings: none
